[2020-06-03T17:36:43.356+0600][gc,heap] Heap region size: 1M
[2020-06-03T17:36:43.364+0600][gc     ] Using G1
[2020-06-03T17:36:43.364+0600][gc,heap,coops] Heap address: 0x00000007c0000000, size: 1024 MB, Compressed Oops mode: Zero based, Oop shift amount: 3
[2020-06-03T17:36:44.507+0600][gc,start     ] GC(0) Pause Young (Concurrent Start) (Metadata GC Threshold)
[2020-06-03T17:36:44.508+0600][gc,task      ] GC(0) Using 8 workers of 8 for evacuation
[2020-06-03T17:36:44.516+0600][gc,phases    ] GC(0)   Pre Evacuate Collection Set: 0.0ms
[2020-06-03T17:36:44.516+0600][gc,phases    ] GC(0)   Evacuate Collection Set: 7.6ms
[2020-06-03T17:36:44.516+0600][gc,phases    ] GC(0)   Post Evacuate Collection Set: 0.4ms
[2020-06-03T17:36:44.516+0600][gc,phases    ] GC(0)   Other: 0.7ms
[2020-06-03T17:36:44.516+0600][gc,heap      ] GC(0) Eden regions: 40->0(44)
[2020-06-03T17:36:44.516+0600][gc,heap      ] GC(0) Survivor regions: 0->7(7)
[2020-06-03T17:36:44.516+0600][gc,heap      ] GC(0) Old regions: 0->0
[2020-06-03T17:36:44.516+0600][gc,heap      ] GC(0) Humongous regions: 0->0
[2020-06-03T17:36:44.516+0600][gc,metaspace ] GC(0) Metaspace: 20908K->20908K(1069056K)
[2020-06-03T17:36:44.516+0600][gc           ] GC(0) Pause Young (Concurrent Start) (Metadata GC Threshold) 40M->6M(1024M) 8.901ms
[2020-06-03T17:36:44.516+0600][gc,cpu       ] GC(0) User=0.02s Sys=0.00s Real=0.01s
[2020-06-03T17:36:44.516+0600][gc           ] GC(1) Concurrent Cycle
[2020-06-03T17:36:44.516+0600][gc,marking   ] GC(1) Concurrent Clear Claimed Marks
[2020-06-03T17:36:44.516+0600][gc,marking   ] GC(1) Concurrent Clear Claimed Marks 0.029ms
[2020-06-03T17:36:44.516+0600][gc,marking   ] GC(1) Concurrent Scan Root Regions
[2020-06-03T17:36:44.518+0600][gc,marking   ] GC(1) Concurrent Scan Root Regions 2.058ms
[2020-06-03T17:36:44.519+0600][gc,marking   ] GC(1) Concurrent Mark (1.171s)
[2020-06-03T17:36:44.519+0600][gc,marking   ] GC(1) Concurrent Mark From Roots
[2020-06-03T17:36:44.519+0600][gc,task      ] GC(1) Using 2 workers of 2 for marking
[2020-06-03T17:36:44.519+0600][gc,marking   ] GC(1) Concurrent Mark From Roots 0.200ms
[2020-06-03T17:36:44.519+0600][gc,marking   ] GC(1) Concurrent Preclean
[2020-06-03T17:36:44.519+0600][gc,marking   ] GC(1) Concurrent Preclean 0.028ms
[2020-06-03T17:36:44.519+0600][gc,marking   ] GC(1) Concurrent Mark (1.171s, 1.171s) 0.266ms
[2020-06-03T17:36:44.519+0600][gc,start     ] GC(1) Pause Remark
[2020-06-03T17:36:44.520+0600][gc,stringtable] GC(1) Cleaned string and symbol table, strings: 7425 processed, 0 removed, symbols: 64486 processed, 41 removed
[2020-06-03T17:36:44.521+0600][gc            ] GC(1) Pause Remark 6M->6M(1024M) 1.699ms
[2020-06-03T17:36:44.521+0600][gc,cpu        ] GC(1) User=0.01s Sys=0.00s Real=0.01s
[2020-06-03T17:36:44.521+0600][gc,marking    ] GC(1) Concurrent Rebuild Remembered Sets
[2020-06-03T17:36:44.521+0600][gc,marking    ] GC(1) Concurrent Rebuild Remembered Sets 0.087ms
[2020-06-03T17:36:44.521+0600][gc,start      ] GC(1) Pause Cleanup
[2020-06-03T17:36:44.521+0600][gc            ] GC(1) Pause Cleanup 6M->6M(1024M) 0.125ms
[2020-06-03T17:36:44.521+0600][gc,cpu        ] GC(1) User=0.00s Sys=0.00s Real=0.00s
[2020-06-03T17:36:44.521+0600][gc,marking    ] GC(1) Concurrent Cleanup for Next Mark
[2020-06-03T17:36:44.528+0600][gc,marking    ] GC(1) Concurrent Cleanup for Next Mark 7.187ms
[2020-06-03T17:36:44.528+0600][gc            ] GC(1) Concurrent Cycle 12.101ms
[2020-06-03T17:36:45.241+0600][gc,start      ] GC(2) Pause Young (Normal) (G1 Evacuation Pause)
[2020-06-03T17:36:45.241+0600][gc,task       ] GC(2) Using 8 workers of 8 for evacuation
[2020-06-03T17:36:45.248+0600][gc,phases     ] GC(2)   Pre Evacuate Collection Set: 0.0ms
[2020-06-03T17:36:45.248+0600][gc,phases     ] GC(2)   Evacuate Collection Set: 6.6ms
[2020-06-03T17:36:45.248+0600][gc,phases     ] GC(2)   Post Evacuate Collection Set: 0.6ms
[2020-06-03T17:36:45.248+0600][gc,phases     ] GC(2)   Other: 0.2ms
[2020-06-03T17:36:45.248+0600][gc,heap       ] GC(2) Eden regions: 44->0(48)
[2020-06-03T17:36:45.248+0600][gc,heap       ] GC(2) Survivor regions: 7->3(7)
[2020-06-03T17:36:45.248+0600][gc,heap       ] GC(2) Old regions: 0->7
[2020-06-03T17:36:45.248+0600][gc,heap       ] GC(2) Humongous regions: 129->129
[2020-06-03T17:36:45.248+0600][gc,metaspace  ] GC(2) Metaspace: 31096K->31096K(1077248K)
[2020-06-03T17:36:45.248+0600][gc            ] GC(2) Pause Young (Normal) (G1 Evacuation Pause) 179M->137M(1024M) 7.622ms
[2020-06-03T17:36:45.248+0600][gc,cpu        ] GC(2) User=0.04s Sys=0.01s Real=0.00s
[2020-06-03T17:36:45.626+0600][gc,start      ] GC(3) Pause Young (Concurrent Start) (Metadata GC Threshold)
[2020-06-03T17:36:45.626+0600][gc,task       ] GC(3) Using 8 workers of 8 for evacuation
[2020-06-03T17:36:45.629+0600][gc,phases     ] GC(3)   Pre Evacuate Collection Set: 0.1ms
[2020-06-03T17:36:45.629+0600][gc,phases     ] GC(3)   Evacuate Collection Set: 2.8ms
[2020-06-03T17:36:45.629+0600][gc,phases     ] GC(3)   Post Evacuate Collection Set: 0.3ms
[2020-06-03T17:36:45.629+0600][gc,phases     ] GC(3)   Other: 0.2ms
[2020-06-03T17:36:45.629+0600][gc,heap       ] GC(3) Eden regions: 23->0(46)
[2020-06-03T17:36:45.629+0600][gc,heap       ] GC(3) Survivor regions: 3->5(7)
[2020-06-03T17:36:45.629+0600][gc,heap       ] GC(3) Old regions: 7->7
[2020-06-03T17:36:45.629+0600][gc,heap       ] GC(3) Humongous regions: 129->129
[2020-06-03T17:36:45.629+0600][gc,metaspace  ] GC(3) Metaspace: 34937K->34937K(1081344K)
[2020-06-03T17:36:45.629+0600][gc            ] GC(3) Pause Young (Concurrent Start) (Metadata GC Threshold) 159M->139M(1024M) 3.511ms
[2020-06-03T17:36:45.629+0600][gc,cpu        ] GC(3) User=0.02s Sys=0.00s Real=0.00s
[2020-06-03T17:36:45.629+0600][gc            ] GC(4) Concurrent Cycle
[2020-06-03T17:36:45.629+0600][gc,marking    ] GC(4) Concurrent Clear Claimed Marks
[2020-06-03T17:36:45.629+0600][gc,marking    ] GC(4) Concurrent Clear Claimed Marks 0.034ms
[2020-06-03T17:36:45.629+0600][gc,marking    ] GC(4) Concurrent Scan Root Regions
[2020-06-03T17:36:45.632+0600][gc,marking    ] GC(4) Concurrent Scan Root Regions 2.509ms
[2020-06-03T17:36:45.632+0600][gc,marking    ] GC(4) Concurrent Mark (2.284s)
[2020-06-03T17:36:45.632+0600][gc,marking    ] GC(4) Concurrent Mark From Roots
[2020-06-03T17:36:45.632+0600][gc,task       ] GC(4) Using 2 workers of 2 for marking
[2020-06-03T17:36:45.637+0600][gc,marking    ] GC(4) Concurrent Mark From Roots 5.052ms
[2020-06-03T17:36:45.637+0600][gc,marking    ] GC(4) Concurrent Preclean
[2020-06-03T17:36:45.637+0600][gc,marking    ] GC(4) Concurrent Preclean 0.054ms
[2020-06-03T17:36:45.637+0600][gc,marking    ] GC(4) Concurrent Mark (2.284s, 2.289s) 5.154ms
[2020-06-03T17:36:45.637+0600][gc,start      ] GC(4) Pause Remark
[2020-06-03T17:36:45.639+0600][gc,stringtable] GC(4) Cleaned string and symbol table, strings: 13418 processed, 8 removed, symbols: 99545 processed, 34 removed
[2020-06-03T17:36:45.639+0600][gc            ] GC(4) Pause Remark 140M->140M(1024M) 1.745ms
[2020-06-03T17:36:45.639+0600][gc,cpu        ] GC(4) User=0.01s Sys=0.00s Real=0.00s
[2020-06-03T17:36:45.639+0600][gc,marking    ] GC(4) Concurrent Rebuild Remembered Sets
[2020-06-03T17:36:45.643+0600][gc,marking    ] GC(4) Concurrent Rebuild Remembered Sets 4.203ms
[2020-06-03T17:36:45.643+0600][gc,start      ] GC(4) Pause Cleanup
[2020-06-03T17:36:45.643+0600][gc            ] GC(4) Pause Cleanup 141M->141M(1024M) 0.150ms
[2020-06-03T17:36:45.643+0600][gc,cpu        ] GC(4) User=0.00s Sys=0.00s Real=0.00s
[2020-06-03T17:36:45.643+0600][gc,marking    ] GC(4) Concurrent Cleanup for Next Mark
[2020-06-03T17:36:45.651+0600][gc,marking    ] GC(4) Concurrent Cleanup for Next Mark 7.214ms
[2020-06-03T17:36:45.651+0600][gc            ] GC(4) Concurrent Cycle 21.575ms
[2020-06-03T17:53:06.612+0600][gc,start      ] GC(5) Pause Young (Normal) (G1 Evacuation Pause)
[2020-06-03T17:53:06.612+0600][gc,task       ] GC(5) Using 8 workers of 8 for evacuation
[2020-06-03T17:53:06.620+0600][gc,phases     ] GC(5)   Pre Evacuate Collection Set: 0.0ms
[2020-06-03T17:53:06.620+0600][gc,phases     ] GC(5)   Evacuate Collection Set: 6.7ms
[2020-06-03T17:53:06.620+0600][gc,phases     ] GC(5)   Post Evacuate Collection Set: 0.5ms
[2020-06-03T17:53:06.620+0600][gc,phases     ] GC(5)   Other: 0.3ms
[2020-06-03T17:53:06.620+0600][gc,heap       ] GC(5) Eden regions: 46->0(47)
[2020-06-03T17:53:06.620+0600][gc,heap       ] GC(5) Survivor regions: 5->4(7)
[2020-06-03T17:53:06.620+0600][gc,heap       ] GC(5) Old regions: 7->9
[2020-06-03T17:53:06.620+0600][gc,heap       ] GC(5) Humongous regions: 129->129
[2020-06-03T17:53:06.620+0600][gc,metaspace  ] GC(5) Metaspace: 41796K->41796K(1087488K)
[2020-06-03T17:53:06.620+0600][gc            ] GC(5) Pause Young (Normal) (G1 Evacuation Pause) 185M->141M(1024M) 7.731ms
[2020-06-03T17:53:06.620+0600][gc,cpu        ] GC(5) User=0.05s Sys=0.01s Real=0.01s
[2020-06-03T18:24:01.846+0600][gc,start      ] GC(6) Pause Young (Normal) (G1 Evacuation Pause)
[2020-06-03T18:24:01.846+0600][gc,task       ] GC(6) Using 8 workers of 8 for evacuation
[2020-06-03T18:24:01.851+0600][gc,phases     ] GC(6)   Pre Evacuate Collection Set: 0.0ms
[2020-06-03T18:24:01.851+0600][gc,phases     ] GC(6)   Evacuate Collection Set: 3.7ms
[2020-06-03T18:24:01.851+0600][gc,phases     ] GC(6)   Post Evacuate Collection Set: 0.6ms
[2020-06-03T18:24:01.851+0600][gc,phases     ] GC(6)   Other: 0.5ms
[2020-06-03T18:24:01.851+0600][gc,heap       ] GC(6) Eden regions: 47->0(49)
[2020-06-03T18:24:01.851+0600][gc,heap       ] GC(6) Survivor regions: 4->2(7)
[2020-06-03T18:24:01.851+0600][gc,heap       ] GC(6) Old regions: 9->11
[2020-06-03T18:24:01.851+0600][gc,heap       ] GC(6) Humongous regions: 129->129
[2020-06-03T18:24:01.851+0600][gc,metaspace  ] GC(6) Metaspace: 42117K->42117K(1087488K)
[2020-06-03T18:24:01.851+0600][gc            ] GC(6) Pause Young (Normal) (G1 Evacuation Pause) 188M->141M(1024M) 4.903ms
[2020-06-03T18:24:01.851+0600][gc,cpu        ] GC(6) User=0.02s Sys=0.00s Real=0.01s
[2020-06-03T18:57:16.764+0600][gc,start      ] GC(7) Pause Young (Normal) (G1 Evacuation Pause)
[2020-06-03T18:57:16.764+0600][gc,task       ] GC(7) Using 8 workers of 8 for evacuation
[2020-06-03T18:57:16.768+0600][gc,phases     ] GC(7)   Pre Evacuate Collection Set: 0.0ms
[2020-06-03T18:57:16.768+0600][gc,phases     ] GC(7)   Evacuate Collection Set: 3.1ms
[2020-06-03T18:57:16.768+0600][gc,phases     ] GC(7)   Post Evacuate Collection Set: 0.4ms
[2020-06-03T18:57:16.768+0600][gc,phases     ] GC(7)   Other: 0.4ms
[2020-06-03T18:57:16.768+0600][gc,heap       ] GC(7) Eden regions: 49->0(49)
[2020-06-03T18:57:16.768+0600][gc,heap       ] GC(7) Survivor regions: 2->2(7)
[2020-06-03T18:57:16.768+0600][gc,heap       ] GC(7) Old regions: 11->11
[2020-06-03T18:57:16.768+0600][gc,heap       ] GC(7) Humongous regions: 129->129
[2020-06-03T18:57:16.768+0600][gc,metaspace  ] GC(7) Metaspace: 42627K->42627K(1087488K)
[2020-06-03T18:57:16.768+0600][gc            ] GC(7) Pause Young (Normal) (G1 Evacuation Pause) 190M->141M(1024M) 4.081ms
[2020-06-03T18:57:16.768+0600][gc,cpu        ] GC(7) User=0.02s Sys=0.00s Real=0.00s
[2020-06-03T19:33:21.667+0600][gc,start      ] GC(8) Pause Young (Normal) (G1 Evacuation Pause)
[2020-06-03T19:33:21.667+0600][gc,task       ] GC(8) Using 8 workers of 8 for evacuation
[2020-06-03T19:33:21.670+0600][gc,phases     ] GC(8)   Pre Evacuate Collection Set: 0.1ms
[2020-06-03T19:33:21.670+0600][gc,phases     ] GC(8)   Evacuate Collection Set: 2.1ms
[2020-06-03T19:33:21.670+0600][gc,phases     ] GC(8)   Post Evacuate Collection Set: 0.6ms
[2020-06-03T19:33:21.670+0600][gc,phases     ] GC(8)   Other: 0.4ms
[2020-06-03T19:33:21.670+0600][gc,heap       ] GC(8) Eden regions: 49->0(49)
[2020-06-03T19:33:21.670+0600][gc,heap       ] GC(8) Survivor regions: 2->2(7)
[2020-06-03T19:33:21.670+0600][gc,heap       ] GC(8) Old regions: 11->11
[2020-06-03T19:33:21.670+0600][gc,heap       ] GC(8) Humongous regions: 129->129
[2020-06-03T19:33:21.670+0600][gc,metaspace  ] GC(8) Metaspace: 42686K->42686K(1087488K)
[2020-06-03T19:33:21.670+0600][gc            ] GC(8) Pause Young (Normal) (G1 Evacuation Pause) 190M->141M(1024M) 3.265ms
[2020-06-03T19:33:21.670+0600][gc,cpu        ] GC(8) User=0.02s Sys=0.00s Real=0.01s
[2020-06-03T19:45:58.003+0600][gc,start      ] GC(9) Pause Young (Normal) (G1 Evacuation Pause)
[2020-06-03T19:45:58.003+0600][gc,task       ] GC(9) Using 8 workers of 8 for evacuation
[2020-06-03T19:45:58.009+0600][gc,phases     ] GC(9)   Pre Evacuate Collection Set: 0.0ms
[2020-06-03T19:45:58.009+0600][gc,phases     ] GC(9)   Evacuate Collection Set: 4.9ms
[2020-06-03T19:45:58.009+0600][gc,phases     ] GC(9)   Post Evacuate Collection Set: 0.6ms
[2020-06-03T19:45:58.009+0600][gc,phases     ] GC(9)   Other: 0.9ms
[2020-06-03T19:45:58.009+0600][gc,heap       ] GC(9) Eden regions: 49->0(52)
[2020-06-03T19:45:58.009+0600][gc,heap       ] GC(9) Survivor regions: 2->3(7)
[2020-06-03T19:45:58.009+0600][gc,heap       ] GC(9) Old regions: 11->11
[2020-06-03T19:45:58.009+0600][gc,heap       ] GC(9) Humongous regions: 129->129
[2020-06-03T19:45:58.009+0600][gc,metaspace  ] GC(9) Metaspace: 43490K->43490K(1089536K)
[2020-06-03T19:45:58.009+0600][gc            ] GC(9) Pause Young (Normal) (G1 Evacuation Pause) 190M->141M(1024M) 6.812ms
[2020-06-03T19:45:58.010+0600][gc,cpu        ] GC(9) User=0.03s Sys=0.00s Real=0.01s
[2020-06-03T19:45:59.368+0600][gc,start      ] GC(10) Pause Young (Normal) (G1 Evacuation Pause)
[2020-06-03T19:45:59.368+0600][gc,task       ] GC(10) Using 8 workers of 8 for evacuation
[2020-06-03T19:45:59.373+0600][gc,phases     ] GC(10)   Pre Evacuate Collection Set: 0.1ms
[2020-06-03T19:45:59.373+0600][gc,phases     ] GC(10)   Evacuate Collection Set: 4.0ms
[2020-06-03T19:45:59.373+0600][gc,phases     ] GC(10)   Post Evacuate Collection Set: 0.5ms
[2020-06-03T19:45:59.373+0600][gc,phases     ] GC(10)   Other: 0.3ms
[2020-06-03T19:45:59.373+0600][gc,heap       ] GC(10) Eden regions: 52->0(75)
[2020-06-03T19:45:59.373+0600][gc,heap       ] GC(10) Survivor regions: 3->3(7)
[2020-06-03T19:45:59.373+0600][gc,heap       ] GC(10) Old regions: 11->11
[2020-06-03T19:45:59.373+0600][gc,heap       ] GC(10) Humongous regions: 129->129
[2020-06-03T19:45:59.373+0600][gc,metaspace  ] GC(10) Metaspace: 44824K->44824K(1089536K)
[2020-06-03T19:45:59.373+0600][gc            ] GC(10) Pause Young (Normal) (G1 Evacuation Pause) 193M->142M(1024M) 4.963ms
[2020-06-03T19:45:59.373+0600][gc,cpu        ] GC(10) User=0.03s Sys=0.00s Real=0.01s
[2020-06-03T19:46:01.421+0600][gc,start      ] GC(11) Pause Young (Normal) (G1 Evacuation Pause)
[2020-06-03T19:46:01.421+0600][gc,task       ] GC(11) Using 8 workers of 8 for evacuation
[2020-06-03T19:46:01.426+0600][gc,phases     ] GC(11)   Pre Evacuate Collection Set: 0.0ms
[2020-06-03T19:46:01.426+0600][gc,phases     ] GC(11)   Evacuate Collection Set: 3.8ms
[2020-06-03T19:46:01.426+0600][gc,phases     ] GC(11)   Post Evacuate Collection Set: 0.5ms
[2020-06-03T19:46:01.426+0600][gc,phases     ] GC(11)   Other: 0.3ms
[2020-06-03T19:46:01.426+0600][gc,heap       ] GC(11) Eden regions: 75->0(80)
[2020-06-03T19:46:01.426+0600][gc,heap       ] GC(11) Survivor regions: 3->3(10)
[2020-06-03T19:46:01.426+0600][gc,heap       ] GC(11) Old regions: 11->11
[2020-06-03T19:46:01.426+0600][gc,heap       ] GC(11) Humongous regions: 129->129
[2020-06-03T19:46:01.426+0600][gc,metaspace  ] GC(11) Metaspace: 44842K->44842K(1089536K)
[2020-06-03T19:46:01.426+0600][gc            ] GC(11) Pause Young (Normal) (G1 Evacuation Pause) 217M->142M(1024M) 4.897ms
[2020-06-03T19:46:01.426+0600][gc,cpu        ] GC(11) User=0.02s Sys=0.00s Real=0.00s
[2020-06-03T19:46:03.206+0600][gc,start      ] GC(12) Pause Young (Normal) (G1 Evacuation Pause)
[2020-06-03T19:46:03.206+0600][gc,task       ] GC(12) Using 8 workers of 8 for evacuation
[2020-06-03T19:46:03.210+0600][gc,phases     ] GC(12)   Pre Evacuate Collection Set: 0.0ms
[2020-06-03T19:46:03.210+0600][gc,phases     ] GC(12)   Evacuate Collection Set: 3.3ms
[2020-06-03T19:46:03.210+0600][gc,phases     ] GC(12)   Post Evacuate Collection Set: 0.4ms
[2020-06-03T19:46:03.210+0600][gc,phases     ] GC(12)   Other: 0.2ms
[2020-06-03T19:46:03.210+0600][gc,heap       ] GC(12) Eden regions: 80->0(87)
[2020-06-03T19:46:03.210+0600][gc,heap       ] GC(12) Survivor regions: 3->3(11)
[2020-06-03T19:46:03.210+0600][gc,heap       ] GC(12) Old regions: 11->11
[2020-06-03T19:46:03.210+0600][gc,heap       ] GC(12) Humongous regions: 129->129
[2020-06-03T19:46:03.210+0600][gc,metaspace  ] GC(12) Metaspace: 44957K->44957K(1089536K)
[2020-06-03T19:46:03.210+0600][gc            ] GC(12) Pause Young (Normal) (G1 Evacuation Pause) 222M->142M(1024M) 4.135ms
[2020-06-03T19:46:03.210+0600][gc,cpu        ] GC(12) User=0.02s Sys=0.01s Real=0.01s
[2020-06-03T19:46:04.574+0600][gc,start      ] GC(13) Pause Young (Normal) (G1 Evacuation Pause)
[2020-06-03T19:46:04.574+0600][gc,task       ] GC(13) Using 8 workers of 8 for evacuation
[2020-06-03T19:46:04.578+0600][gc,phases     ] GC(13)   Pre Evacuate Collection Set: 0.0ms
[2020-06-03T19:46:04.578+0600][gc,phases     ] GC(13)   Evacuate Collection Set: 3.3ms
[2020-06-03T19:46:04.578+0600][gc,phases     ] GC(13)   Post Evacuate Collection Set: 0.7ms
[2020-06-03T19:46:04.578+0600][gc,phases     ] GC(13)   Other: 0.2ms
[2020-06-03T19:46:04.578+0600][gc,heap       ] GC(13) Eden regions: 87->0(96)
[2020-06-03T19:46:04.578+0600][gc,heap       ] GC(13) Survivor regions: 3->3(12)
[2020-06-03T19:46:04.578+0600][gc,heap       ] GC(13) Old regions: 11->11
[2020-06-03T19:46:04.578+0600][gc,heap       ] GC(13) Humongous regions: 129->129
[2020-06-03T19:46:04.578+0600][gc,metaspace  ] GC(13) Metaspace: 45021K->45021K(1089536K)
[2020-06-03T19:46:04.578+0600][gc            ] GC(13) Pause Young (Normal) (G1 Evacuation Pause) 229M->142M(1024M) 4.287ms
[2020-06-03T19:46:04.578+0600][gc,cpu        ] GC(13) User=0.02s Sys=0.00s Real=0.00s
[2020-06-03T19:46:05.906+0600][gc,start      ] GC(14) Pause Young (Normal) (G1 Evacuation Pause)
[2020-06-03T19:46:05.906+0600][gc,task       ] GC(14) Using 8 workers of 8 for evacuation
[2020-06-03T19:46:05.909+0600][gc,phases     ] GC(14)   Pre Evacuate Collection Set: 0.0ms
[2020-06-03T19:46:05.909+0600][gc,phases     ] GC(14)   Evacuate Collection Set: 3.0ms
[2020-06-03T19:46:05.909+0600][gc,phases     ] GC(14)   Post Evacuate Collection Set: 0.5ms
[2020-06-03T19:46:05.909+0600][gc,phases     ] GC(14)   Other: 0.2ms
[2020-06-03T19:46:05.909+0600][gc,heap       ] GC(14) Eden regions: 96->0(106)
[2020-06-03T19:46:05.909+0600][gc,heap       ] GC(14) Survivor regions: 3->3(13)
[2020-06-03T19:46:05.909+0600][gc,heap       ] GC(14) Old regions: 11->11
[2020-06-03T19:46:05.909+0600][gc,heap       ] GC(14) Humongous regions: 129->129
[2020-06-03T19:46:05.909+0600][gc,metaspace  ] GC(14) Metaspace: 45024K->45024K(1089536K)
[2020-06-03T19:46:05.909+0600][gc            ] GC(14) Pause Young (Normal) (G1 Evacuation Pause) 238M->142M(1024M) 3.762ms
[2020-06-03T19:46:05.909+0600][gc,cpu        ] GC(14) User=0.02s Sys=0.00s Real=0.00s
[2020-06-03T19:46:07.446+0600][gc,start      ] GC(15) Pause Young (Normal) (G1 Evacuation Pause)
[2020-06-03T19:46:07.446+0600][gc,task       ] GC(15) Using 8 workers of 8 for evacuation
[2020-06-03T19:46:07.450+0600][gc,phases     ] GC(15)   Pre Evacuate Collection Set: 0.0ms
[2020-06-03T19:46:07.450+0600][gc,phases     ] GC(15)   Evacuate Collection Set: 3.1ms
[2020-06-03T19:46:07.450+0600][gc,phases     ] GC(15)   Post Evacuate Collection Set: 0.6ms
[2020-06-03T19:46:07.450+0600][gc,phases     ] GC(15)   Other: 0.2ms
[2020-06-03T19:46:07.450+0600][gc,heap       ] GC(15) Eden regions: 106->0(118)
[2020-06-03T19:46:07.450+0600][gc,heap       ] GC(15) Survivor regions: 3->3(14)
[2020-06-03T19:46:07.450+0600][gc,heap       ] GC(15) Old regions: 11->11
[2020-06-03T19:46:07.450+0600][gc,heap       ] GC(15) Humongous regions: 129->129
[2020-06-03T19:46:07.450+0600][gc,metaspace  ] GC(15) Metaspace: 45032K->45032K(1089536K)
[2020-06-03T19:46:07.450+0600][gc            ] GC(15) Pause Young (Normal) (G1 Evacuation Pause) 248M->142M(1024M) 4.036ms
[2020-06-03T19:46:07.451+0600][gc,cpu        ] GC(15) User=0.02s Sys=0.00s Real=0.01s
[2020-06-03T19:46:09.114+0600][gc,start      ] GC(16) Pause Young (Normal) (G1 Evacuation Pause)
[2020-06-03T19:46:09.114+0600][gc,task       ] GC(16) Using 8 workers of 8 for evacuation
[2020-06-03T19:46:09.118+0600][gc,phases     ] GC(16)   Pre Evacuate Collection Set: 0.0ms
[2020-06-03T19:46:09.119+0600][gc,phases     ] GC(16)   Evacuate Collection Set: 3.6ms
[2020-06-03T19:46:09.119+0600][gc,phases     ] GC(16)   Post Evacuate Collection Set: 0.7ms
[2020-06-03T19:46:09.119+0600][gc,phases     ] GC(16)   Other: 0.2ms
[2020-06-03T19:46:09.119+0600][gc,heap       ] GC(16) Eden regions: 118->0(132)
[2020-06-03T19:46:09.119+0600][gc,heap       ] GC(16) Survivor regions: 3->3(16)
[2020-06-03T19:46:09.119+0600][gc,heap       ] GC(16) Old regions: 11->11
[2020-06-03T19:46:09.119+0600][gc,heap       ] GC(16) Humongous regions: 129->129
[2020-06-03T19:46:09.119+0600][gc,metaspace  ] GC(16) Metaspace: 45036K->45036K(1089536K)
[2020-06-03T19:46:09.119+0600][gc            ] GC(16) Pause Young (Normal) (G1 Evacuation Pause) 260M->142M(1024M) 4.671ms
[2020-06-03T19:46:09.119+0600][gc,cpu        ] GC(16) User=0.02s Sys=0.00s Real=0.00s
[2020-06-03T19:46:10.949+0600][gc,start      ] GC(17) Pause Young (Normal) (G1 Evacuation Pause)
[2020-06-03T19:46:10.949+0600][gc,task       ] GC(17) Using 8 workers of 8 for evacuation
[2020-06-03T19:46:10.954+0600][gc,phases     ] GC(17)   Pre Evacuate Collection Set: 0.0ms
[2020-06-03T19:46:10.954+0600][gc,phases     ] GC(17)   Evacuate Collection Set: 4.0ms
[2020-06-03T19:46:10.954+0600][gc,phases     ] GC(17)   Post Evacuate Collection Set: 0.7ms
[2020-06-03T19:46:10.954+0600][gc,phases     ] GC(17)   Other: 0.2ms
[2020-06-03T19:46:10.954+0600][gc,heap       ] GC(17) Eden regions: 132->0(146)
[2020-06-03T19:46:10.954+0600][gc,heap       ] GC(17) Survivor regions: 3->3(17)
[2020-06-03T19:46:10.954+0600][gc,heap       ] GC(17) Old regions: 11->11
[2020-06-03T19:46:10.954+0600][gc,heap       ] GC(17) Humongous regions: 129->129
[2020-06-03T19:46:10.954+0600][gc,metaspace  ] GC(17) Metaspace: 45049K->45049K(1089536K)
[2020-06-03T19:46:10.954+0600][gc            ] GC(17) Pause Young (Normal) (G1 Evacuation Pause) 274M->142M(1024M) 5.187ms
[2020-06-03T19:46:10.954+0600][gc,cpu        ] GC(17) User=0.03s Sys=0.00s Real=0.01s
[2020-06-03T19:46:15.272+0600][gc,heap,exit  ] Heap
[2020-06-03T19:46:15.272+0600][gc,heap,exit  ]  garbage-first heap   total 1048576K, used 191737K [0x00000007c0000000, 0x0000000800000000)
[2020-06-03T19:46:15.272+0600][gc,heap,exit  ]   region size 1024K, 49 young (50176K), 3 survivors (3072K)
[2020-06-03T19:46:15.272+0600][gc,heap,exit  ]  Metaspace       used 45562K, capacity 47481K, committed 47696K, reserved 1091584K
[2020-06-03T19:46:15.272+0600][gc,heap,exit  ]   class space    used 5672K, capacity 6601K, committed 6604K, reserved 1048576K
