[2020-05-29T00:35:59.041+0600][gc,heap] Heap region size: 1M
[2020-05-29T00:35:59.050+0600][gc     ] Using G1
[2020-05-29T00:35:59.050+0600][gc,heap,coops] Heap address: 0x00000007c0000000, size: 1024 MB, Compressed Oops mode: Zero based, Oop shift amount: 3
[2020-05-29T00:36:00.342+0600][gc,start     ] GC(0) Pause Young (Concurrent Start) (Metadata GC Threshold)
[2020-05-29T00:36:00.342+0600][gc,task      ] GC(0) Using 8 workers of 8 for evacuation
[2020-05-29T00:36:00.350+0600][gc,phases    ] GC(0)   Pre Evacuate Collection Set: 0.1ms
[2020-05-29T00:36:00.350+0600][gc,phases    ] GC(0)   Evacuate Collection Set: 7.4ms
[2020-05-29T00:36:00.350+0600][gc,phases    ] GC(0)   Post Evacuate Collection Set: 0.3ms
[2020-05-29T00:36:00.350+0600][gc,phases    ] GC(0)   Other: 0.7ms
[2020-05-29T00:36:00.350+0600][gc,heap      ] GC(0) Eden regions: 39->0(44)
[2020-05-29T00:36:00.350+0600][gc,heap      ] GC(0) Survivor regions: 0->7(7)
[2020-05-29T00:36:00.350+0600][gc,heap      ] GC(0) Old regions: 0->0
[2020-05-29T00:36:00.350+0600][gc,heap      ] GC(0) Humongous regions: 0->0
[2020-05-29T00:36:00.350+0600][gc,metaspace ] GC(0) Metaspace: 20696K->20696K(1069056K)
[2020-05-29T00:36:00.350+0600][gc           ] GC(0) Pause Young (Concurrent Start) (Metadata GC Threshold) 38M->6M(1024M) 8.616ms
[2020-05-29T00:36:00.350+0600][gc,cpu       ] GC(0) User=0.02s Sys=0.01s Real=0.01s
[2020-05-29T00:36:00.350+0600][gc           ] GC(1) Concurrent Cycle
[2020-05-29T00:36:00.350+0600][gc,marking   ] GC(1) Concurrent Clear Claimed Marks
[2020-05-29T00:36:00.350+0600][gc,marking   ] GC(1) Concurrent Clear Claimed Marks 0.018ms
[2020-05-29T00:36:00.350+0600][gc,marking   ] GC(1) Concurrent Scan Root Regions
[2020-05-29T00:36:00.352+0600][gc,marking   ] GC(1) Concurrent Scan Root Regions 1.717ms
[2020-05-29T00:36:00.352+0600][gc,marking   ] GC(1) Concurrent Mark (1.318s)
[2020-05-29T00:36:00.352+0600][gc,marking   ] GC(1) Concurrent Mark From Roots
[2020-05-29T00:36:00.352+0600][gc,task      ] GC(1) Using 2 workers of 2 for marking
[2020-05-29T00:36:00.352+0600][gc,marking   ] GC(1) Concurrent Mark From Roots 0.139ms
[2020-05-29T00:36:00.352+0600][gc,marking   ] GC(1) Concurrent Preclean
[2020-05-29T00:36:00.352+0600][gc,marking   ] GC(1) Concurrent Preclean 0.030ms
[2020-05-29T00:36:00.352+0600][gc,marking   ] GC(1) Concurrent Mark (1.318s, 1.319s) 0.218ms
[2020-05-29T00:36:00.353+0600][gc,start     ] GC(1) Pause Remark
[2020-05-29T00:36:00.354+0600][gc,stringtable] GC(1) Cleaned string and symbol table, strings: 7333 processed, 0 removed, symbols: 63609 processed, 41 removed
[2020-05-29T00:36:00.354+0600][gc            ] GC(1) Pause Remark 6M->6M(1024M) 1.457ms
[2020-05-29T00:36:00.354+0600][gc,cpu        ] GC(1) User=0.01s Sys=0.00s Real=0.00s
[2020-05-29T00:36:00.354+0600][gc,marking    ] GC(1) Concurrent Rebuild Remembered Sets
[2020-05-29T00:36:00.354+0600][gc,marking    ] GC(1) Concurrent Rebuild Remembered Sets 0.075ms
[2020-05-29T00:36:00.354+0600][gc,start      ] GC(1) Pause Cleanup
[2020-05-29T00:36:00.354+0600][gc            ] GC(1) Pause Cleanup 6M->6M(1024M) 0.143ms
[2020-05-29T00:36:00.354+0600][gc,cpu        ] GC(1) User=0.00s Sys=0.00s Real=0.00s
[2020-05-29T00:36:00.354+0600][gc,marking    ] GC(1) Concurrent Cleanup for Next Mark
[2020-05-29T00:36:00.360+0600][gc,marking    ] GC(1) Concurrent Cleanup for Next Mark 5.289ms
[2020-05-29T00:36:00.360+0600][gc            ] GC(1) Concurrent Cycle 9.389ms
[2020-05-29T00:36:01.161+0600][gc,start      ] GC(2) Pause Young (Normal) (G1 Evacuation Pause)
[2020-05-29T00:36:01.161+0600][gc,task       ] GC(2) Using 8 workers of 8 for evacuation
[2020-05-29T00:36:01.168+0600][gc,phases     ] GC(2)   Pre Evacuate Collection Set: 0.0ms
[2020-05-29T00:36:01.168+0600][gc,phases     ] GC(2)   Evacuate Collection Set: 5.8ms
[2020-05-29T00:36:01.168+0600][gc,phases     ] GC(2)   Post Evacuate Collection Set: 0.5ms
[2020-05-29T00:36:01.168+0600][gc,phases     ] GC(2)   Other: 0.2ms
[2020-05-29T00:36:01.168+0600][gc,heap       ] GC(2) Eden regions: 44->0(48)
[2020-05-29T00:36:01.168+0600][gc,heap       ] GC(2) Survivor regions: 7->3(7)
[2020-05-29T00:36:01.168+0600][gc,heap       ] GC(2) Old regions: 0->7
[2020-05-29T00:36:01.168+0600][gc,heap       ] GC(2) Humongous regions: 129->129
[2020-05-29T00:36:01.168+0600][gc,metaspace  ] GC(2) Metaspace: 30686K->30686K(1077248K)
[2020-05-29T00:36:01.168+0600][gc            ] GC(2) Pause Young (Normal) (G1 Evacuation Pause) 179M->137M(1024M) 6.569ms
[2020-05-29T00:36:01.168+0600][gc,cpu        ] GC(2) User=0.04s Sys=0.01s Real=0.00s
[2020-05-29T00:36:01.556+0600][gc,start      ] GC(3) Pause Young (Concurrent Start) (Metadata GC Threshold)
[2020-05-29T00:36:01.556+0600][gc,task       ] GC(3) Using 8 workers of 8 for evacuation
[2020-05-29T00:36:01.560+0600][gc,phases     ] GC(3)   Pre Evacuate Collection Set: 0.1ms
[2020-05-29T00:36:01.560+0600][gc,phases     ] GC(3)   Evacuate Collection Set: 3.3ms
[2020-05-29T00:36:01.560+0600][gc,phases     ] GC(3)   Post Evacuate Collection Set: 0.3ms
[2020-05-29T00:36:01.560+0600][gc,phases     ] GC(3)   Other: 0.2ms
[2020-05-29T00:36:01.560+0600][gc,heap       ] GC(3) Eden regions: 25->0(46)
[2020-05-29T00:36:01.560+0600][gc,heap       ] GC(3) Survivor regions: 3->5(7)
[2020-05-29T00:36:01.560+0600][gc,heap       ] GC(3) Old regions: 7->7
[2020-05-29T00:36:01.560+0600][gc,heap       ] GC(3) Humongous regions: 129->129
[2020-05-29T00:36:01.560+0600][gc,metaspace  ] GC(3) Metaspace: 34953K->34953K(1081344K)
[2020-05-29T00:36:01.560+0600][gc            ] GC(3) Pause Young (Concurrent Start) (Metadata GC Threshold) 161M->139M(1024M) 4.047ms
[2020-05-29T00:36:01.560+0600][gc,cpu        ] GC(3) User=0.03s Sys=0.00s Real=0.01s
[2020-05-29T00:36:01.560+0600][gc            ] GC(4) Concurrent Cycle
[2020-05-29T00:36:01.560+0600][gc,marking    ] GC(4) Concurrent Clear Claimed Marks
[2020-05-29T00:36:01.560+0600][gc,marking    ] GC(4) Concurrent Clear Claimed Marks 0.035ms
[2020-05-29T00:36:01.560+0600][gc,marking    ] GC(4) Concurrent Scan Root Regions
[2020-05-29T00:36:01.563+0600][gc,marking    ] GC(4) Concurrent Scan Root Regions 2.604ms
[2020-05-29T00:36:01.563+0600][gc,marking    ] GC(4) Concurrent Mark (2.529s)
[2020-05-29T00:36:01.563+0600][gc,marking    ] GC(4) Concurrent Mark From Roots
[2020-05-29T00:36:01.563+0600][gc,task       ] GC(4) Using 2 workers of 2 for marking
[2020-05-29T00:36:01.570+0600][gc,marking    ] GC(4) Concurrent Mark From Roots 7.170ms
[2020-05-29T00:36:01.570+0600][gc,marking    ] GC(4) Concurrent Preclean
[2020-05-29T00:36:01.570+0600][gc,marking    ] GC(4) Concurrent Preclean 0.109ms
[2020-05-29T00:36:01.570+0600][gc,marking    ] GC(4) Concurrent Mark (2.529s, 2.536s) 7.381ms
[2020-05-29T00:36:01.572+0600][gc,start      ] GC(4) Pause Remark
[2020-05-29T00:36:01.574+0600][gc,stringtable] GC(4) Cleaned string and symbol table, strings: 13477 processed, 7 removed, symbols: 100052 processed, 27 removed
[2020-05-29T00:36:01.575+0600][gc            ] GC(4) Pause Remark 141M->141M(1024M) 2.310ms
[2020-05-29T00:36:01.575+0600][gc,cpu        ] GC(4) User=0.02s Sys=0.00s Real=0.00s
[2020-05-29T00:36:01.575+0600][gc,marking    ] GC(4) Concurrent Rebuild Remembered Sets
[2020-05-29T00:36:01.579+0600][gc,marking    ] GC(4) Concurrent Rebuild Remembered Sets 4.376ms
[2020-05-29T00:36:01.580+0600][gc,start      ] GC(4) Pause Cleanup
[2020-05-29T00:36:01.580+0600][gc            ] GC(4) Pause Cleanup 141M->141M(1024M) 0.130ms
[2020-05-29T00:36:01.580+0600][gc,cpu        ] GC(4) User=0.00s Sys=0.00s Real=0.00s
[2020-05-29T00:36:01.580+0600][gc,marking    ] GC(4) Concurrent Cleanup for Next Mark
[2020-05-29T00:36:01.587+0600][gc,marking    ] GC(4) Concurrent Cleanup for Next Mark 6.867ms
[2020-05-29T00:36:01.587+0600][gc            ] GC(4) Concurrent Cycle 27.483ms
[2020-05-29T00:36:16.001+0600][gc,start      ] GC(5) Pause Young (Normal) (G1 Evacuation Pause)
[2020-05-29T00:36:16.001+0600][gc,task       ] GC(5) Using 8 workers of 8 for evacuation
[2020-05-29T00:36:16.008+0600][gc,phases     ] GC(5)   Pre Evacuate Collection Set: 0.0ms
[2020-05-29T00:36:16.008+0600][gc,phases     ] GC(5)   Evacuate Collection Set: 5.7ms
[2020-05-29T00:36:16.008+0600][gc,phases     ] GC(5)   Post Evacuate Collection Set: 0.4ms
[2020-05-29T00:36:16.008+0600][gc,phases     ] GC(5)   Other: 0.3ms
[2020-05-29T00:36:16.008+0600][gc,heap       ] GC(5) Eden regions: 46->0(45)
[2020-05-29T00:36:16.008+0600][gc,heap       ] GC(5) Survivor regions: 5->6(7)
[2020-05-29T00:36:16.008+0600][gc,heap       ] GC(5) Old regions: 7->9
[2020-05-29T00:36:16.008+0600][gc,heap       ] GC(5) Humongous regions: 129->129
[2020-05-29T00:36:16.008+0600][gc,metaspace  ] GC(5) Metaspace: 42078K->42078K(1087488K)
[2020-05-29T00:36:16.008+0600][gc            ] GC(5) Pause Young (Normal) (G1 Evacuation Pause) 185M->142M(1024M) 6.582ms
[2020-05-29T00:36:16.008+0600][gc,cpu        ] GC(5) User=0.05s Sys=0.00s Real=0.00s
[2020-05-29T00:36:24.891+0600][gc,heap,exit  ] Heap
[2020-05-29T00:36:24.891+0600][gc,heap,exit  ]  garbage-first heap   total 1048576K, used 155980K [0x00000007c0000000, 0x0000000800000000)
[2020-05-29T00:36:24.891+0600][gc,heap,exit  ]   region size 1024K, 17 young (17408K), 6 survivors (6144K)
[2020-05-29T00:36:24.891+0600][gc,heap,exit  ]  Metaspace       used 42986K, capacity 44582K, committed 44624K, reserved 1087488K
[2020-05-29T00:36:24.891+0600][gc,heap,exit  ]   class space    used 5342K, capacity 6122K, committed 6144K, reserved 1048576K
