[2020-06-03T13:34:47.907+0600][gc,heap] Heap region size: 1M
[2020-06-03T13:34:47.917+0600][gc     ] Using G1
[2020-06-03T13:34:47.917+0600][gc,heap,coops] Heap address: 0x00000007c0000000, size: 1024 MB, Compressed Oops mode: Zero based, Oop shift amount: 3
[2020-06-03T13:34:49.344+0600][gc,start     ] GC(0) Pause Young (Concurrent Start) (Metadata GC Threshold)
[2020-06-03T13:34:49.345+0600][gc,task      ] GC(0) Using 8 workers of 8 for evacuation
[2020-06-03T13:34:49.352+0600][gc,phases    ] GC(0)   Pre Evacuate Collection Set: 0.0ms
[2020-06-03T13:34:49.352+0600][gc,phases    ] GC(0)   Evacuate Collection Set: 7.1ms
[2020-06-03T13:34:49.352+0600][gc,phases    ] GC(0)   Post Evacuate Collection Set: 0.4ms
[2020-06-03T13:34:49.352+0600][gc,phases    ] GC(0)   Other: 0.6ms
[2020-06-03T13:34:49.352+0600][gc,heap      ] GC(0) Eden regions: 39->0(44)
[2020-06-03T13:34:49.352+0600][gc,heap      ] GC(0) Survivor regions: 0->7(7)
[2020-06-03T13:34:49.352+0600][gc,heap      ] GC(0) Old regions: 0->0
[2020-06-03T13:34:49.352+0600][gc,heap      ] GC(0) Humongous regions: 0->0
[2020-06-03T13:34:49.352+0600][gc,metaspace ] GC(0) Metaspace: 20817K->20817K(1069056K)
[2020-06-03T13:34:49.353+0600][gc           ] GC(0) Pause Young (Concurrent Start) (Metadata GC Threshold) 39M->6M(1024M) 8.248ms
[2020-06-03T13:34:49.353+0600][gc,cpu       ] GC(0) User=0.02s Sys=0.00s Real=0.01s
[2020-06-03T13:34:49.353+0600][gc           ] GC(1) Concurrent Cycle
[2020-06-03T13:34:49.353+0600][gc,marking   ] GC(1) Concurrent Clear Claimed Marks
[2020-06-03T13:34:49.353+0600][gc,marking   ] GC(1) Concurrent Clear Claimed Marks 0.019ms
[2020-06-03T13:34:49.353+0600][gc,marking   ] GC(1) Concurrent Scan Root Regions
[2020-06-03T13:34:49.354+0600][gc,marking   ] GC(1) Concurrent Scan Root Regions 1.857ms
[2020-06-03T13:34:49.355+0600][gc,marking   ] GC(1) Concurrent Mark (1.455s)
[2020-06-03T13:34:49.355+0600][gc,marking   ] GC(1) Concurrent Mark From Roots
[2020-06-03T13:34:49.355+0600][gc,task      ] GC(1) Using 2 workers of 2 for marking
[2020-06-03T13:34:49.355+0600][gc,marking   ] GC(1) Concurrent Mark From Roots 0.194ms
[2020-06-03T13:34:49.355+0600][gc,marking   ] GC(1) Concurrent Preclean
[2020-06-03T13:34:49.355+0600][gc,marking   ] GC(1) Concurrent Preclean 0.032ms
[2020-06-03T13:34:49.355+0600][gc,marking   ] GC(1) Concurrent Mark (1.455s, 1.455s) 0.292ms
[2020-06-03T13:34:49.355+0600][gc,start     ] GC(1) Pause Remark
[2020-06-03T13:34:49.357+0600][gc,stringtable] GC(1) Cleaned string and symbol table, strings: 7390 processed, 0 removed, symbols: 63827 processed, 42 removed
[2020-06-03T13:34:49.357+0600][gc            ] GC(1) Pause Remark 6M->6M(1024M) 1.977ms
[2020-06-03T13:34:49.357+0600][gc,cpu        ] GC(1) User=0.01s Sys=0.00s Real=0.00s
[2020-06-03T13:34:49.357+0600][gc,marking    ] GC(1) Concurrent Rebuild Remembered Sets
[2020-06-03T13:34:49.357+0600][gc,marking    ] GC(1) Concurrent Rebuild Remembered Sets 0.115ms
[2020-06-03T13:34:49.357+0600][gc,start      ] GC(1) Pause Cleanup
[2020-06-03T13:34:49.358+0600][gc            ] GC(1) Pause Cleanup 6M->6M(1024M) 0.124ms
[2020-06-03T13:34:49.358+0600][gc,cpu        ] GC(1) User=0.00s Sys=0.00s Real=0.00s
[2020-06-03T13:34:49.358+0600][gc,marking    ] GC(1) Concurrent Cleanup for Next Mark
[2020-06-03T13:34:49.363+0600][gc,marking    ] GC(1) Concurrent Cleanup for Next Mark 5.435ms
[2020-06-03T13:34:49.363+0600][gc            ] GC(1) Concurrent Cycle 10.500ms
[2020-06-03T13:34:50.187+0600][gc,start      ] GC(2) Pause Young (Normal) (G1 Evacuation Pause)
[2020-06-03T13:34:50.187+0600][gc,task       ] GC(2) Using 8 workers of 8 for evacuation
[2020-06-03T13:34:50.193+0600][gc,phases     ] GC(2)   Pre Evacuate Collection Set: 0.0ms
[2020-06-03T13:34:50.193+0600][gc,phases     ] GC(2)   Evacuate Collection Set: 5.8ms
[2020-06-03T13:34:50.193+0600][gc,phases     ] GC(2)   Post Evacuate Collection Set: 0.5ms
[2020-06-03T13:34:50.193+0600][gc,phases     ] GC(2)   Other: 0.2ms
[2020-06-03T13:34:50.193+0600][gc,heap       ] GC(2) Eden regions: 44->0(48)
[2020-06-03T13:34:50.193+0600][gc,heap       ] GC(2) Survivor regions: 7->3(7)
[2020-06-03T13:34:50.193+0600][gc,heap       ] GC(2) Old regions: 0->7
[2020-06-03T13:34:50.193+0600][gc,heap       ] GC(2) Humongous regions: 129->129
[2020-06-03T13:34:50.193+0600][gc,metaspace  ] GC(2) Metaspace: 30759K->30759K(1077248K)
[2020-06-03T13:34:50.193+0600][gc            ] GC(2) Pause Young (Normal) (G1 Evacuation Pause) 179M->137M(1024M) 6.610ms
[2020-06-03T13:34:50.193+0600][gc,cpu        ] GC(2) User=0.03s Sys=0.01s Real=0.01s
[2020-06-03T13:34:50.599+0600][gc,start      ] GC(3) Pause Young (Concurrent Start) (Metadata GC Threshold)
[2020-06-03T13:34:50.599+0600][gc,task       ] GC(3) Using 8 workers of 8 for evacuation
[2020-06-03T13:34:50.605+0600][gc,phases     ] GC(3)   Pre Evacuate Collection Set: 0.1ms
[2020-06-03T13:34:50.605+0600][gc,phases     ] GC(3)   Evacuate Collection Set: 4.9ms
[2020-06-03T13:34:50.605+0600][gc,phases     ] GC(3)   Post Evacuate Collection Set: 0.2ms
[2020-06-03T13:34:50.605+0600][gc,phases     ] GC(3)   Other: 0.2ms
[2020-06-03T13:34:50.605+0600][gc,heap       ] GC(3) Eden regions: 24->0(46)
[2020-06-03T13:34:50.605+0600][gc,heap       ] GC(3) Survivor regions: 3->5(7)
[2020-06-03T13:34:50.605+0600][gc,heap       ] GC(3) Old regions: 7->7
[2020-06-03T13:34:50.605+0600][gc,heap       ] GC(3) Humongous regions: 129->129
[2020-06-03T13:34:50.605+0600][gc,metaspace  ] GC(3) Metaspace: 34886K->34886K(1081344K)
[2020-06-03T13:34:50.605+0600][gc            ] GC(3) Pause Young (Concurrent Start) (Metadata GC Threshold) 161M->140M(1024M) 5.479ms
[2020-06-03T13:34:50.605+0600][gc,cpu        ] GC(3) User=0.03s Sys=0.00s Real=0.01s
[2020-06-03T13:34:50.605+0600][gc            ] GC(4) Concurrent Cycle
[2020-06-03T13:34:50.605+0600][gc,marking    ] GC(4) Concurrent Clear Claimed Marks
[2020-06-03T13:34:50.605+0600][gc,marking    ] GC(4) Concurrent Clear Claimed Marks 0.027ms
[2020-06-03T13:34:50.605+0600][gc,marking    ] GC(4) Concurrent Scan Root Regions
[2020-06-03T13:34:50.608+0600][gc,marking    ] GC(4) Concurrent Scan Root Regions 2.984ms
[2020-06-03T13:34:50.608+0600][gc,marking    ] GC(4) Concurrent Mark (2.708s)
[2020-06-03T13:34:50.608+0600][gc,marking    ] GC(4) Concurrent Mark From Roots
[2020-06-03T13:34:50.608+0600][gc,task       ] GC(4) Using 2 workers of 2 for marking
[2020-06-03T13:34:50.616+0600][gc,marking    ] GC(4) Concurrent Mark From Roots 7.906ms
[2020-06-03T13:34:50.616+0600][gc,marking    ] GC(4) Concurrent Preclean
[2020-06-03T13:34:50.616+0600][gc,marking    ] GC(4) Concurrent Preclean 0.175ms
[2020-06-03T13:34:50.616+0600][gc,marking    ] GC(4) Concurrent Mark (2.708s, 2.716s) 8.160ms
[2020-06-03T13:34:50.617+0600][gc,start      ] GC(4) Pause Remark
[2020-06-03T13:34:50.619+0600][gc,stringtable] GC(4) Cleaned string and symbol table, strings: 13408 processed, 9 removed, symbols: 99788 processed, 29 removed
[2020-06-03T13:34:50.619+0600][gc            ] GC(4) Pause Remark 141M->141M(1024M) 2.619ms
[2020-06-03T13:34:50.619+0600][gc,cpu        ] GC(4) User=0.01s Sys=0.00s Real=0.00s
[2020-06-03T13:34:50.619+0600][gc,marking    ] GC(4) Concurrent Rebuild Remembered Sets
[2020-06-03T13:34:50.624+0600][gc,marking    ] GC(4) Concurrent Rebuild Remembered Sets 4.339ms
[2020-06-03T13:34:50.624+0600][gc,start      ] GC(4) Pause Cleanup
[2020-06-03T13:34:50.624+0600][gc            ] GC(4) Pause Cleanup 141M->141M(1024M) 0.139ms
[2020-06-03T13:34:50.624+0600][gc,cpu        ] GC(4) User=0.01s Sys=0.00s Real=0.00s
[2020-06-03T13:34:50.624+0600][gc,marking    ] GC(4) Concurrent Cleanup for Next Mark
[2020-06-03T13:34:50.632+0600][gc,marking    ] GC(4) Concurrent Cleanup for Next Mark 8.097ms
[2020-06-03T13:34:50.632+0600][gc            ] GC(4) Concurrent Cycle 27.189ms
[2020-06-03T14:24:15.683+0600][gc,start      ] GC(5) Pause Young (Normal) (G1 Evacuation Pause)
[2020-06-03T14:24:15.683+0600][gc,task       ] GC(5) Using 8 workers of 8 for evacuation
[2020-06-03T14:24:15.688+0600][gc,phases     ] GC(5)   Pre Evacuate Collection Set: 0.0ms
[2020-06-03T14:24:15.688+0600][gc,phases     ] GC(5)   Evacuate Collection Set: 4.8ms
[2020-06-03T14:24:15.688+0600][gc,phases     ] GC(5)   Post Evacuate Collection Set: 0.5ms
[2020-06-03T14:24:15.688+0600][gc,phases     ] GC(5)   Other: 0.3ms
[2020-06-03T14:24:15.688+0600][gc,heap       ] GC(5) Eden regions: 46->0(47)
[2020-06-03T14:24:15.688+0600][gc,heap       ] GC(5) Survivor regions: 5->4(7)
[2020-06-03T14:24:15.688+0600][gc,heap       ] GC(5) Old regions: 7->9
[2020-06-03T14:24:15.688+0600][gc,heap       ] GC(5) Humongous regions: 129->129
[2020-06-03T14:24:15.688+0600][gc,metaspace  ] GC(5) Metaspace: 39886K->39886K(1085440K)
[2020-06-03T14:24:15.688+0600][gc            ] GC(5) Pause Young (Normal) (G1 Evacuation Pause) 186M->141M(1024M) 5.781ms
[2020-06-03T14:24:15.689+0600][gc,cpu        ] GC(5) User=0.03s Sys=0.00s Real=0.00s
[2020-06-03T15:54:24.838+0600][gc,start      ] GC(6) Pause Young (Normal) (G1 Evacuation Pause)
[2020-06-03T15:54:24.839+0600][gc,task       ] GC(6) Using 8 workers of 8 for evacuation
[2020-06-03T15:54:24.844+0600][gc,phases     ] GC(6)   Pre Evacuate Collection Set: 0.0ms
[2020-06-03T15:54:24.844+0600][gc,phases     ] GC(6)   Evacuate Collection Set: 3.7ms
[2020-06-03T15:54:24.844+0600][gc,phases     ] GC(6)   Post Evacuate Collection Set: 0.7ms
[2020-06-03T15:54:24.844+0600][gc,phases     ] GC(6)   Other: 2.1ms
[2020-06-03T15:54:24.844+0600][gc,heap       ] GC(6) Eden regions: 47->0(47)
[2020-06-03T15:54:24.844+0600][gc,heap       ] GC(6) Survivor regions: 4->4(7)
[2020-06-03T15:54:24.844+0600][gc,heap       ] GC(6) Old regions: 9->9
[2020-06-03T15:54:24.844+0600][gc,heap       ] GC(6) Humongous regions: 129->129
[2020-06-03T15:54:24.844+0600][gc,metaspace  ] GC(6) Metaspace: 40177K->40177K(1085440K)
[2020-06-03T15:54:24.844+0600][gc            ] GC(6) Pause Young (Normal) (G1 Evacuation Pause) 188M->141M(1024M) 6.727ms
[2020-06-03T15:54:24.844+0600][gc,cpu        ] GC(6) User=0.02s Sys=0.00s Real=0.01s
[2020-06-03T17:09:43.143+0600][gc,start      ] GC(7) Pause Young (Normal) (G1 Evacuation Pause)
[2020-06-03T17:09:43.143+0600][gc,task       ] GC(7) Using 8 workers of 8 for evacuation
[2020-06-03T17:09:43.147+0600][gc,phases     ] GC(7)   Pre Evacuate Collection Set: 0.0ms
[2020-06-03T17:09:43.147+0600][gc,phases     ] GC(7)   Evacuate Collection Set: 3.0ms
[2020-06-03T17:09:43.147+0600][gc,phases     ] GC(7)   Post Evacuate Collection Set: 0.3ms
[2020-06-03T17:09:43.147+0600][gc,phases     ] GC(7)   Other: 0.3ms
[2020-06-03T17:09:43.147+0600][gc,heap       ] GC(7) Eden regions: 47->0(46)
[2020-06-03T17:09:43.147+0600][gc,heap       ] GC(7) Survivor regions: 4->5(7)
[2020-06-03T17:09:43.147+0600][gc,heap       ] GC(7) Old regions: 9->9
[2020-06-03T17:09:43.147+0600][gc,heap       ] GC(7) Humongous regions: 129->129
[2020-06-03T17:09:43.147+0600][gc,metaspace  ] GC(7) Metaspace: 41589K->41589K(1087488K)
[2020-06-03T17:09:43.147+0600][gc            ] GC(7) Pause Young (Normal) (G1 Evacuation Pause) 187M->141M(1024M) 3.847ms
[2020-06-03T17:09:43.147+0600][gc,cpu        ] GC(7) User=0.02s Sys=0.00s Real=0.00s
[2020-06-03T17:32:21.081+0600][gc,start      ] GC(8) Pause Young (Normal) (G1 Evacuation Pause)
[2020-06-03T17:32:21.081+0600][gc,task       ] GC(8) Using 8 workers of 8 for evacuation
[2020-06-03T17:32:21.087+0600][gc,phases     ] GC(8)   Pre Evacuate Collection Set: 0.1ms
[2020-06-03T17:32:21.087+0600][gc,phases     ] GC(8)   Evacuate Collection Set: 5.0ms
[2020-06-03T17:32:21.087+0600][gc,phases     ] GC(8)   Post Evacuate Collection Set: 0.7ms
[2020-06-03T17:32:21.087+0600][gc,phases     ] GC(8)   Other: 0.2ms
[2020-06-03T17:32:21.087+0600][gc,heap       ] GC(8) Eden regions: 46->0(47)
[2020-06-03T17:32:21.087+0600][gc,heap       ] GC(8) Survivor regions: 5->4(7)
[2020-06-03T17:32:21.087+0600][gc,heap       ] GC(8) Old regions: 9->11
[2020-06-03T17:32:21.087+0600][gc,heap       ] GC(8) Humongous regions: 129->129
[2020-06-03T17:32:21.087+0600][gc,metaspace  ] GC(8) Metaspace: 44242K->44242K(1089536K)
[2020-06-03T17:32:21.087+0600][gc            ] GC(8) Pause Young (Normal) (G1 Evacuation Pause) 187M->142M(1024M) 6.048ms
[2020-06-03T17:32:21.087+0600][gc,cpu        ] GC(8) User=0.03s Sys=0.00s Real=0.00s
[2020-06-03T17:44:55.290+0600][gc,start      ] GC(9) Pause Young (Normal) (G1 Evacuation Pause)
[2020-06-03T17:44:55.291+0600][gc,task       ] GC(9) Using 8 workers of 8 for evacuation
[2020-06-03T17:44:55.297+0600][gc,phases     ] GC(9)   Pre Evacuate Collection Set: 0.0ms
[2020-06-03T17:44:55.297+0600][gc,phases     ] GC(9)   Evacuate Collection Set: 5.4ms
[2020-06-03T17:44:55.297+0600][gc,phases     ] GC(9)   Post Evacuate Collection Set: 0.8ms
[2020-06-03T17:44:55.297+0600][gc,phases     ] GC(9)   Other: 0.2ms
[2020-06-03T17:44:55.297+0600][gc,heap       ] GC(9) Eden regions: 47->0(50)
[2020-06-03T17:44:55.297+0600][gc,heap       ] GC(9) Survivor regions: 4->5(7)
[2020-06-03T17:44:55.297+0600][gc,heap       ] GC(9) Old regions: 11->11
[2020-06-03T17:44:55.297+0600][gc,heap       ] GC(9) Humongous regions: 129->129
[2020-06-03T17:44:55.297+0600][gc,metaspace  ] GC(9) Metaspace: 46739K->46739K(1091584K)
[2020-06-03T17:44:55.297+0600][gc            ] GC(9) Pause Young (Normal) (G1 Evacuation Pause) 189M->144M(1024M) 6.655ms
[2020-06-03T17:44:55.297+0600][gc,cpu        ] GC(9) User=0.03s Sys=0.00s Real=0.00s
[2020-06-03T17:53:43.109+0600][gc,start      ] GC(10) Pause Young (Normal) (G1 Evacuation Pause)
[2020-06-03T17:53:43.109+0600][gc,task       ] GC(10) Using 8 workers of 8 for evacuation
[2020-06-03T17:53:43.115+0600][gc,phases     ] GC(10)   Pre Evacuate Collection Set: 0.0ms
[2020-06-03T17:53:43.115+0600][gc,phases     ] GC(10)   Evacuate Collection Set: 5.0ms
[2020-06-03T17:53:43.115+0600][gc,phases     ] GC(10)   Post Evacuate Collection Set: 0.6ms
[2020-06-03T17:53:43.115+0600][gc,phases     ] GC(10)   Other: 0.2ms
[2020-06-03T17:53:43.115+0600][gc,heap       ] GC(10) Eden regions: 50->0(60)
[2020-06-03T17:53:43.115+0600][gc,heap       ] GC(10) Survivor regions: 5->5(7)
[2020-06-03T17:53:43.115+0600][gc,heap       ] GC(10) Old regions: 11->13
[2020-06-03T17:53:43.115+0600][gc,heap       ] GC(10) Humongous regions: 129->129
[2020-06-03T17:53:43.115+0600][gc,metaspace  ] GC(10) Metaspace: 47081K->47081K(1091584K)
[2020-06-03T17:53:43.115+0600][gc            ] GC(10) Pause Young (Normal) (G1 Evacuation Pause) 194M->145M(1024M) 6.081ms
[2020-06-03T17:53:43.115+0600][gc,cpu        ] GC(10) User=0.03s Sys=0.01s Real=0.01s
[2020-06-03T18:04:48.083+0600][gc,start      ] GC(11) Pause Young (Normal) (G1 Evacuation Pause)
[2020-06-03T18:04:48.085+0600][gc,task       ] GC(11) Using 8 workers of 8 for evacuation
[2020-06-03T18:04:48.091+0600][gc,phases     ] GC(11)   Pre Evacuate Collection Set: 0.0ms
[2020-06-03T18:04:48.091+0600][gc,phases     ] GC(11)   Evacuate Collection Set: 5.0ms
[2020-06-03T18:04:48.091+0600][gc,phases     ] GC(11)   Post Evacuate Collection Set: 0.6ms
[2020-06-03T18:04:48.091+0600][gc,phases     ] GC(11)   Other: 2.2ms
[2020-06-03T18:04:48.091+0600][gc,heap       ] GC(11) Eden regions: 60->0(81)
[2020-06-03T18:04:48.091+0600][gc,heap       ] GC(11) Survivor regions: 5->5(9)
[2020-06-03T18:04:48.091+0600][gc,heap       ] GC(11) Old regions: 13->13
[2020-06-03T18:04:48.091+0600][gc,heap       ] GC(11) Humongous regions: 129->129
[2020-06-03T18:04:48.091+0600][gc,metaspace  ] GC(11) Metaspace: 47091K->47091K(1091584K)
[2020-06-03T18:04:48.091+0600][gc            ] GC(11) Pause Young (Normal) (G1 Evacuation Pause) 205M->145M(1024M) 8.001ms
[2020-06-03T18:04:48.091+0600][gc,cpu        ] GC(11) User=0.04s Sys=0.01s Real=0.01s
[2020-06-03T18:20:39.888+0600][gc,start      ] GC(12) Pause Young (Normal) (G1 Evacuation Pause)
[2020-06-03T18:20:39.890+0600][gc,task       ] GC(12) Using 8 workers of 8 for evacuation
[2020-06-03T18:20:39.897+0600][gc,phases     ] GC(12)   Pre Evacuate Collection Set: 0.0ms
[2020-06-03T18:20:39.897+0600][gc,phases     ] GC(12)   Evacuate Collection Set: 6.2ms
[2020-06-03T18:20:39.897+0600][gc,phases     ] GC(12)   Post Evacuate Collection Set: 0.7ms
[2020-06-03T18:20:39.897+0600][gc,phases     ] GC(12)   Other: 2.3ms
[2020-06-03T18:20:39.897+0600][gc,heap       ] GC(12) Eden regions: 81->0(609)
[2020-06-03T18:20:39.897+0600][gc,heap       ] GC(12) Survivor regions: 5->5(11)
[2020-06-03T18:20:39.897+0600][gc,heap       ] GC(12) Old regions: 13->13
[2020-06-03T18:20:39.897+0600][gc,heap       ] GC(12) Humongous regions: 129->129
[2020-06-03T18:20:39.897+0600][gc,metaspace  ] GC(12) Metaspace: 47108K->47108K(1091584K)
[2020-06-03T18:20:39.897+0600][gc            ] GC(12) Pause Young (Normal) (G1 Evacuation Pause) 226M->146M(1024M) 9.349ms
[2020-06-03T18:20:39.897+0600][gc,cpu        ] GC(12) User=0.04s Sys=0.00s Real=0.01s
[2020-06-03T19:45:56.976+0600][gc,start      ] GC(13) Pause Young (Normal) (G1 Evacuation Pause)
[2020-06-03T19:45:56.976+0600][gc,task       ] GC(13) Using 8 workers of 8 for evacuation
[2020-06-03T19:45:56.982+0600][gc,phases     ] GC(13)   Pre Evacuate Collection Set: 0.0ms
[2020-06-03T19:45:56.982+0600][gc,phases     ] GC(13)   Evacuate Collection Set: 4.9ms
[2020-06-03T19:45:56.982+0600][gc,phases     ] GC(13)   Post Evacuate Collection Set: 0.8ms
[2020-06-03T19:45:56.982+0600][gc,phases     ] GC(13)   Other: 0.5ms
[2020-06-03T19:45:56.982+0600][gc,heap       ] GC(13) Eden regions: 566->0(608)
[2020-06-03T19:45:56.982+0600][gc,heap       ] GC(13) Survivor regions: 5->6(72)
[2020-06-03T19:45:56.982+0600][gc,heap       ] GC(13) Old regions: 13->13
[2020-06-03T19:45:56.982+0600][gc,heap       ] GC(13) Humongous regions: 129->129
[2020-06-03T19:45:56.982+0600][gc,metaspace  ] GC(13) Metaspace: 48132K->48132K(1093632K)
[2020-06-03T19:45:56.982+0600][gc            ] GC(13) Pause Young (Normal) (G1 Evacuation Pause) 712M->146M(1024M) 6.302ms
[2020-06-03T19:45:56.982+0600][gc,cpu        ] GC(13) User=0.04s Sys=0.00s Real=0.01s
[2020-06-03T19:46:01.253+0600][gc,heap,exit  ] Heap
[2020-06-03T19:46:01.253+0600][gc,heap,exit  ]  garbage-first heap   total 1048576K, used 162439K [0x00000007c0000000, 0x0000000800000000)
[2020-06-03T19:46:01.253+0600][gc,heap,exit  ]   region size 1024K, 19 young (19456K), 6 survivors (6144K)
[2020-06-03T19:46:01.253+0600][gc,heap,exit  ]  Metaspace       used 48652K, capacity 51084K, committed 51248K, reserved 1093632K
[2020-06-03T19:46:01.253+0600][gc,heap,exit  ]   class space    used 6248K, capacity 7439K, committed 7552K, reserved 1048576K
