[2020-06-03T17:37:43.385+0600][gc,heap] Heap region size: 1M
[2020-06-03T17:37:43.394+0600][gc     ] Using G1
[2020-06-03T17:37:43.394+0600][gc,heap,coops] Heap address: 0x00000007c0000000, size: 1024 MB, Compressed Oops mode: Zero based, Oop shift amount: 3
[2020-06-03T17:37:44.499+0600][gc,start     ] GC(0) Pause Young (Concurrent Start) (Metadata GC Threshold)
[2020-06-03T17:37:44.499+0600][gc,task      ] GC(0) Using 8 workers of 8 for evacuation
[2020-06-03T17:37:44.507+0600][gc,phases    ] GC(0)   Pre Evacuate Collection Set: 0.0ms
[2020-06-03T17:37:44.507+0600][gc,phases    ] GC(0)   Evacuate Collection Set: 7.5ms
[2020-06-03T17:37:44.507+0600][gc,phases    ] GC(0)   Post Evacuate Collection Set: 0.4ms
[2020-06-03T17:37:44.507+0600][gc,phases    ] GC(0)   Other: 0.6ms
[2020-06-03T17:37:44.507+0600][gc,heap      ] GC(0) Eden regions: 39->0(44)
[2020-06-03T17:37:44.507+0600][gc,heap      ] GC(0) Survivor regions: 0->7(7)
[2020-06-03T17:37:44.507+0600][gc,heap      ] GC(0) Old regions: 0->0
[2020-06-03T17:37:44.507+0600][gc,heap      ] GC(0) Humongous regions: 0->0
[2020-06-03T17:37:44.507+0600][gc,metaspace ] GC(0) Metaspace: 20711K->20711K(1069056K)
[2020-06-03T17:37:44.507+0600][gc           ] GC(0) Pause Young (Concurrent Start) (Metadata GC Threshold) 38M->6M(1024M) 8.746ms
[2020-06-03T17:37:44.507+0600][gc,cpu       ] GC(0) User=0.02s Sys=0.00s Real=0.01s
[2020-06-03T17:37:44.507+0600][gc           ] GC(1) Concurrent Cycle
[2020-06-03T17:37:44.508+0600][gc,marking   ] GC(1) Concurrent Clear Claimed Marks
[2020-06-03T17:37:44.508+0600][gc,marking   ] GC(1) Concurrent Clear Claimed Marks 0.043ms
[2020-06-03T17:37:44.508+0600][gc,marking   ] GC(1) Concurrent Scan Root Regions
[2020-06-03T17:37:44.510+0600][gc,marking   ] GC(1) Concurrent Scan Root Regions 2.030ms
[2020-06-03T17:37:44.510+0600][gc,marking   ] GC(1) Concurrent Mark (1.133s)
[2020-06-03T17:37:44.510+0600][gc,marking   ] GC(1) Concurrent Mark From Roots
[2020-06-03T17:37:44.510+0600][gc,task      ] GC(1) Using 2 workers of 2 for marking
[2020-06-03T17:37:44.510+0600][gc,marking   ] GC(1) Concurrent Mark From Roots 0.165ms
[2020-06-03T17:37:44.510+0600][gc,marking   ] GC(1) Concurrent Preclean
[2020-06-03T17:37:44.510+0600][gc,marking   ] GC(1) Concurrent Preclean 0.029ms
[2020-06-03T17:37:44.510+0600][gc,marking   ] GC(1) Concurrent Mark (1.133s, 1.134s) 0.240ms
[2020-06-03T17:37:44.510+0600][gc,start     ] GC(1) Pause Remark
[2020-06-03T17:37:44.512+0600][gc,stringtable] GC(1) Cleaned string and symbol table, strings: 7335 processed, 0 removed, symbols: 63627 processed, 41 removed
[2020-06-03T17:37:44.512+0600][gc            ] GC(1) Pause Remark 6M->6M(1024M) 1.773ms
[2020-06-03T17:37:44.512+0600][gc,cpu        ] GC(1) User=0.00s Sys=0.00s Real=0.00s
[2020-06-03T17:37:44.512+0600][gc,marking    ] GC(1) Concurrent Rebuild Remembered Sets
[2020-06-03T17:37:44.512+0600][gc,marking    ] GC(1) Concurrent Rebuild Remembered Sets 0.092ms
[2020-06-03T17:37:44.512+0600][gc,start      ] GC(1) Pause Cleanup
[2020-06-03T17:37:44.512+0600][gc            ] GC(1) Pause Cleanup 6M->6M(1024M) 0.129ms
[2020-06-03T17:37:44.512+0600][gc,cpu        ] GC(1) User=0.01s Sys=0.00s Real=0.00s
[2020-06-03T17:37:44.512+0600][gc,marking    ] GC(1) Concurrent Cleanup for Next Mark
[2020-06-03T17:37:44.518+0600][gc,marking    ] GC(1) Concurrent Cleanup for Next Mark 6.116ms
[2020-06-03T17:37:44.518+0600][gc            ] GC(1) Concurrent Cycle 10.945ms
[2020-06-03T17:37:47.932+0600][gc,heap,exit  ] Heap
[2020-06-03T17:37:47.932+0600][gc,heap,exit  ]  garbage-first heap   total 1048576K, used 35224K [0x00000007c0000000, 0x0000000800000000)
[2020-06-03T17:37:47.932+0600][gc,heap,exit  ]   region size 1024K, 36 young (36864K), 7 survivors (7168K)
[2020-06-03T17:37:47.932+0600][gc,heap,exit  ]  Metaspace       used 27426K, capacity 28014K, committed 28208K, reserved 1073152K
[2020-06-03T17:37:47.932+0600][gc,heap,exit  ]   class space    used 3412K, capacity 3650K, committed 3712K, reserved 1048576K
