[2020-06-03T17:36:59.318+0600][gc,heap] Heap region size: 1M
[2020-06-03T17:36:59.327+0600][gc     ] Using G1
[2020-06-03T17:36:59.328+0600][gc,heap,coops] Heap address: 0x00000007c0000000, size: 1024 MB, Compressed Oops mode: Zero based, Oop shift amount: 3
[2020-06-03T17:37:00.421+0600][gc,start     ] GC(0) Pause Young (Concurrent Start) (Metadata GC Threshold)
[2020-06-03T17:37:00.422+0600][gc,task      ] GC(0) Using 8 workers of 8 for evacuation
[2020-06-03T17:37:00.429+0600][gc,phases    ] GC(0)   Pre Evacuate Collection Set: 0.0ms
[2020-06-03T17:37:00.429+0600][gc,phases    ] GC(0)   Evacuate Collection Set: 7.3ms
[2020-06-03T17:37:00.430+0600][gc,phases    ] GC(0)   Post Evacuate Collection Set: 0.4ms
[2020-06-03T17:37:00.430+0600][gc,phases    ] GC(0)   Other: 0.6ms
[2020-06-03T17:37:00.430+0600][gc,heap      ] GC(0) Eden regions: 39->0(44)
[2020-06-03T17:37:00.430+0600][gc,heap      ] GC(0) Survivor regions: 0->7(7)
[2020-06-03T17:37:00.430+0600][gc,heap      ] GC(0) Old regions: 0->0
[2020-06-03T17:37:00.430+0600][gc,heap      ] GC(0) Humongous regions: 0->0
[2020-06-03T17:37:00.430+0600][gc,metaspace ] GC(0) Metaspace: 20799K->20799K(1069056K)
[2020-06-03T17:37:00.430+0600][gc           ] GC(0) Pause Young (Concurrent Start) (Metadata GC Threshold) 39M->6M(1024M) 8.376ms
[2020-06-03T17:37:00.430+0600][gc,cpu       ] GC(0) User=0.02s Sys=0.01s Real=0.01s
[2020-06-03T17:37:00.430+0600][gc           ] GC(1) Concurrent Cycle
[2020-06-03T17:37:00.430+0600][gc,marking   ] GC(1) Concurrent Clear Claimed Marks
[2020-06-03T17:37:00.430+0600][gc,marking   ] GC(1) Concurrent Clear Claimed Marks 0.018ms
[2020-06-03T17:37:00.430+0600][gc,marking   ] GC(1) Concurrent Scan Root Regions
[2020-06-03T17:37:00.432+0600][gc,marking   ] GC(1) Concurrent Scan Root Regions 1.781ms
[2020-06-03T17:37:00.432+0600][gc,marking   ] GC(1) Concurrent Mark (1.121s)
[2020-06-03T17:37:00.432+0600][gc,marking   ] GC(1) Concurrent Mark From Roots
[2020-06-03T17:37:00.432+0600][gc,task      ] GC(1) Using 2 workers of 2 for marking
[2020-06-03T17:37:00.432+0600][gc,marking   ] GC(1) Concurrent Mark From Roots 0.187ms
[2020-06-03T17:37:00.432+0600][gc,marking   ] GC(1) Concurrent Preclean
[2020-06-03T17:37:00.432+0600][gc,marking   ] GC(1) Concurrent Preclean 0.031ms
[2020-06-03T17:37:00.432+0600][gc,marking   ] GC(1) Concurrent Mark (1.121s, 1.121s) 0.271ms
[2020-06-03T17:37:00.432+0600][gc,start     ] GC(1) Pause Remark
[2020-06-03T17:37:00.433+0600][gc,stringtable] GC(1) Cleaned string and symbol table, strings: 7381 processed, 0 removed, symbols: 63766 processed, 41 removed
[2020-06-03T17:37:00.434+0600][gc            ] GC(1) Pause Remark 6M->6M(1024M) 1.712ms
[2020-06-03T17:37:00.434+0600][gc,cpu        ] GC(1) User=0.01s Sys=0.00s Real=0.00s
[2020-06-03T17:37:00.434+0600][gc,marking    ] GC(1) Concurrent Rebuild Remembered Sets
[2020-06-03T17:37:00.434+0600][gc,marking    ] GC(1) Concurrent Rebuild Remembered Sets 0.096ms
[2020-06-03T17:37:00.434+0600][gc,start      ] GC(1) Pause Cleanup
[2020-06-03T17:37:00.434+0600][gc            ] GC(1) Pause Cleanup 6M->6M(1024M) 0.162ms
[2020-06-03T17:37:00.434+0600][gc,cpu        ] GC(1) User=0.00s Sys=0.00s Real=0.00s
[2020-06-03T17:37:00.434+0600][gc,marking    ] GC(1) Concurrent Cleanup for Next Mark
[2020-06-03T17:37:00.439+0600][gc,marking    ] GC(1) Concurrent Cleanup for Next Mark 5.062ms
[2020-06-03T17:37:00.439+0600][gc            ] GC(1) Concurrent Cycle 9.624ms
[2020-06-03T17:37:01.080+0600][gc,start      ] GC(2) Pause Young (Normal) (G1 Evacuation Pause)
[2020-06-03T17:37:01.080+0600][gc,task       ] GC(2) Using 8 workers of 8 for evacuation
[2020-06-03T17:37:01.088+0600][gc,phases     ] GC(2)   Pre Evacuate Collection Set: 0.0ms
[2020-06-03T17:37:01.088+0600][gc,phases     ] GC(2)   Evacuate Collection Set: 6.9ms
[2020-06-03T17:37:01.088+0600][gc,phases     ] GC(2)   Post Evacuate Collection Set: 0.5ms
[2020-06-03T17:37:01.088+0600][gc,phases     ] GC(2)   Other: 0.2ms
[2020-06-03T17:37:01.088+0600][gc,heap       ] GC(2) Eden regions: 44->0(48)
[2020-06-03T17:37:01.088+0600][gc,heap       ] GC(2) Survivor regions: 7->3(7)
[2020-06-03T17:37:01.088+0600][gc,heap       ] GC(2) Old regions: 0->7
[2020-06-03T17:37:01.088+0600][gc,heap       ] GC(2) Humongous regions: 129->129
[2020-06-03T17:37:01.088+0600][gc,metaspace  ] GC(2) Metaspace: 30901K->30901K(1077248K)
[2020-06-03T17:37:01.088+0600][gc            ] GC(2) Pause Young (Normal) (G1 Evacuation Pause) 179M->137M(1024M) 7.803ms
[2020-06-03T17:37:01.088+0600][gc,cpu        ] GC(2) User=0.03s Sys=0.01s Real=0.00s
[2020-06-03T17:37:01.453+0600][gc,start      ] GC(3) Pause Young (Concurrent Start) (GCLocker Initiated GC)
[2020-06-03T17:37:01.453+0600][gc,task       ] GC(3) Using 8 workers of 8 for evacuation
[2020-06-03T17:37:01.457+0600][gc,phases     ] GC(3)   Pre Evacuate Collection Set: 0.1ms
[2020-06-03T17:37:01.457+0600][gc,phases     ] GC(3)   Evacuate Collection Set: 3.2ms
[2020-06-03T17:37:01.457+0600][gc,phases     ] GC(3)   Post Evacuate Collection Set: 0.3ms
[2020-06-03T17:37:01.457+0600][gc,phases     ] GC(3)   Other: 0.2ms
[2020-06-03T17:37:01.457+0600][gc,heap       ] GC(3) Eden regions: 24->0(46)
[2020-06-03T17:37:01.457+0600][gc,heap       ] GC(3) Survivor regions: 3->5(7)
[2020-06-03T17:37:01.457+0600][gc,heap       ] GC(3) Old regions: 7->7
[2020-06-03T17:37:01.457+0600][gc,heap       ] GC(3) Humongous regions: 129->129
[2020-06-03T17:37:01.457+0600][gc,metaspace  ] GC(3) Metaspace: 35017K->35017K(1081344K)
[2020-06-03T17:37:01.457+0600][gc            ] GC(3) Pause Young (Concurrent Start) (GCLocker Initiated GC) 160M->139M(1024M) 3.878ms
[2020-06-03T17:37:01.457+0600][gc,cpu        ] GC(3) User=0.03s Sys=0.00s Real=0.00s
[2020-06-03T17:37:01.457+0600][gc            ] GC(4) Concurrent Cycle
[2020-06-03T17:37:01.457+0600][gc,marking    ] GC(4) Concurrent Clear Claimed Marks
[2020-06-03T17:37:01.457+0600][gc,marking    ] GC(4) Concurrent Clear Claimed Marks 0.022ms
[2020-06-03T17:37:01.457+0600][gc,marking    ] GC(4) Concurrent Scan Root Regions
[2020-06-03T17:37:01.459+0600][gc,marking    ] GC(4) Concurrent Scan Root Regions 2.015ms
[2020-06-03T17:37:01.459+0600][gc,marking    ] GC(4) Concurrent Mark (2.149s)
[2020-06-03T17:37:01.459+0600][gc,marking    ] GC(4) Concurrent Mark From Roots
[2020-06-03T17:37:01.459+0600][gc,task       ] GC(4) Using 2 workers of 2 for marking
[2020-06-03T17:37:01.464+0600][gc,marking    ] GC(4) Concurrent Mark From Roots 5.024ms
[2020-06-03T17:37:01.464+0600][gc,marking    ] GC(4) Concurrent Preclean
[2020-06-03T17:37:01.464+0600][gc,marking    ] GC(4) Concurrent Preclean 0.053ms
[2020-06-03T17:37:01.464+0600][gc,marking    ] GC(4) Concurrent Mark (2.149s, 2.154s) 5.128ms
[2020-06-03T17:37:01.464+0600][gc,start      ] GC(4) Pause Remark
[2020-06-03T17:37:01.466+0600][gc,stringtable] GC(4) Cleaned string and symbol table, strings: 13533 processed, 8 removed, symbols: 99616 processed, 34 removed
[2020-06-03T17:37:01.467+0600][gc            ] GC(4) Pause Remark 141M->141M(1024M) 2.071ms
[2020-06-03T17:37:01.467+0600][gc,cpu        ] GC(4) User=0.01s Sys=0.00s Real=0.00s
[2020-06-03T17:37:01.467+0600][gc,marking    ] GC(4) Concurrent Rebuild Remembered Sets
[2020-06-03T17:37:01.472+0600][gc,marking    ] GC(4) Concurrent Rebuild Remembered Sets 5.196ms
[2020-06-03T17:37:01.474+0600][gc,start      ] GC(4) Pause Cleanup
[2020-06-03T17:37:01.474+0600][gc            ] GC(4) Pause Cleanup 142M->142M(1024M) 0.149ms
[2020-06-03T17:37:01.474+0600][gc,cpu        ] GC(4) User=0.00s Sys=0.00s Real=0.00s
[2020-06-03T17:37:01.474+0600][gc,marking    ] GC(4) Concurrent Cleanup for Next Mark
[2020-06-03T17:37:01.481+0600][gc,marking    ] GC(4) Concurrent Cleanup for Next Mark 6.644ms
[2020-06-03T17:37:01.481+0600][gc            ] GC(4) Concurrent Cycle 23.585ms
[2020-06-03T17:52:52.065+0600][gc,start      ] GC(5) Pause Young (Normal) (G1 Evacuation Pause)
[2020-06-03T17:52:52.065+0600][gc,task       ] GC(5) Using 8 workers of 8 for evacuation
[2020-06-03T17:52:52.069+0600][gc,phases     ] GC(5)   Pre Evacuate Collection Set: 0.0ms
[2020-06-03T17:52:52.070+0600][gc,phases     ] GC(5)   Evacuate Collection Set: 4.2ms
[2020-06-03T17:52:52.070+0600][gc,phases     ] GC(5)   Post Evacuate Collection Set: 0.4ms
[2020-06-03T17:52:52.070+0600][gc,phases     ] GC(5)   Other: 0.2ms
[2020-06-03T17:52:52.070+0600][gc,heap       ] GC(5) Eden regions: 46->0(46)
[2020-06-03T17:52:52.070+0600][gc,heap       ] GC(5) Survivor regions: 5->5(7)
[2020-06-03T17:52:52.070+0600][gc,heap       ] GC(5) Old regions: 7->9
[2020-06-03T17:52:52.070+0600][gc,heap       ] GC(5) Humongous regions: 129->129
[2020-06-03T17:52:52.070+0600][gc,metaspace  ] GC(5) Metaspace: 41742K->41742K(1087488K)
[2020-06-03T17:52:52.070+0600][gc            ] GC(5) Pause Young (Normal) (G1 Evacuation Pause) 185M->141M(1024M) 5.005ms
[2020-06-03T17:52:52.070+0600][gc,cpu        ] GC(5) User=0.03s Sys=0.01s Real=0.01s
[2020-06-03T18:22:17.502+0600][gc,start      ] GC(6) Pause Young (Normal) (G1 Evacuation Pause)
[2020-06-03T18:22:17.504+0600][gc,task       ] GC(6) Using 8 workers of 8 for evacuation
[2020-06-03T18:22:17.510+0600][gc,phases     ] GC(6)   Pre Evacuate Collection Set: 0.0ms
[2020-06-03T18:22:17.510+0600][gc,phases     ] GC(6)   Evacuate Collection Set: 4.6ms
[2020-06-03T18:22:17.510+0600][gc,phases     ] GC(6)   Post Evacuate Collection Set: 0.6ms
[2020-06-03T18:22:17.510+0600][gc,phases     ] GC(6)   Other: 2.1ms
[2020-06-03T18:22:17.510+0600][gc,heap       ] GC(6) Eden regions: 46->0(49)
[2020-06-03T18:22:17.510+0600][gc,heap       ] GC(6) Survivor regions: 5->2(7)
[2020-06-03T18:22:17.510+0600][gc,heap       ] GC(6) Old regions: 9->11
[2020-06-03T18:22:17.510+0600][gc,heap       ] GC(6) Humongous regions: 129->129
[2020-06-03T18:22:17.510+0600][gc,metaspace  ] GC(6) Metaspace: 42267K->42267K(1087488K)
[2020-06-03T18:22:17.510+0600][gc            ] GC(6) Pause Young (Normal) (G1 Evacuation Pause) 187M->141M(1024M) 7.573ms
[2020-06-03T18:22:17.510+0600][gc,cpu        ] GC(6) User=0.03s Sys=0.00s Real=0.01s
[2020-06-03T18:56:26.764+0600][gc,start      ] GC(7) Pause Young (Normal) (G1 Evacuation Pause)
[2020-06-03T18:56:26.764+0600][gc,task       ] GC(7) Using 8 workers of 8 for evacuation
[2020-06-03T18:56:26.767+0600][gc,phases     ] GC(7)   Pre Evacuate Collection Set: 0.0ms
[2020-06-03T18:56:26.767+0600][gc,phases     ] GC(7)   Evacuate Collection Set: 2.3ms
[2020-06-03T18:56:26.767+0600][gc,phases     ] GC(7)   Post Evacuate Collection Set: 0.4ms
[2020-06-03T18:56:26.767+0600][gc,phases     ] GC(7)   Other: 0.4ms
[2020-06-03T18:56:26.767+0600][gc,heap       ] GC(7) Eden regions: 49->0(49)
[2020-06-03T18:56:26.767+0600][gc,heap       ] GC(7) Survivor regions: 2->2(7)
[2020-06-03T18:56:26.767+0600][gc,heap       ] GC(7) Old regions: 11->11
[2020-06-03T18:56:26.767+0600][gc,heap       ] GC(7) Humongous regions: 129->129
[2020-06-03T18:56:26.767+0600][gc,metaspace  ] GC(7) Metaspace: 42615K->42615K(1087488K)
[2020-06-03T18:56:26.767+0600][gc            ] GC(7) Pause Young (Normal) (G1 Evacuation Pause) 190M->141M(1024M) 3.226ms
[2020-06-03T18:56:26.767+0600][gc,cpu        ] GC(7) User=0.01s Sys=0.00s Real=0.00s
[2020-06-03T19:32:30.578+0600][gc,start      ] GC(8) Pause Young (Normal) (G1 Evacuation Pause)
[2020-06-03T19:32:30.580+0600][gc,task       ] GC(8) Using 8 workers of 8 for evacuation
[2020-06-03T19:32:30.584+0600][gc,phases     ] GC(8)   Pre Evacuate Collection Set: 0.0ms
[2020-06-03T19:32:30.584+0600][gc,phases     ] GC(8)   Evacuate Collection Set: 2.7ms
[2020-06-03T19:32:30.584+0600][gc,phases     ] GC(8)   Post Evacuate Collection Set: 0.6ms
[2020-06-03T19:32:30.584+0600][gc,phases     ] GC(8)   Other: 2.2ms
[2020-06-03T19:32:30.584+0600][gc,heap       ] GC(8) Eden regions: 49->0(49)
[2020-06-03T19:32:30.584+0600][gc,heap       ] GC(8) Survivor regions: 2->2(7)
[2020-06-03T19:32:30.584+0600][gc,heap       ] GC(8) Old regions: 11->11
[2020-06-03T19:32:30.584+0600][gc,heap       ] GC(8) Humongous regions: 129->129
[2020-06-03T19:32:30.584+0600][gc,metaspace  ] GC(8) Metaspace: 42682K->42682K(1087488K)
[2020-06-03T19:32:30.584+0600][gc            ] GC(8) Pause Young (Normal) (G1 Evacuation Pause) 190M->141M(1024M) 5.730ms
[2020-06-03T19:32:30.584+0600][gc,cpu        ] GC(8) User=0.02s Sys=0.00s Real=0.01s
[2020-06-03T19:45:59.415+0600][gc,heap,exit  ] Heap
[2020-06-03T19:45:59.417+0600][gc,heap,exit  ]  garbage-first heap   total 1048576K, used 170508K [0x00000007c0000000, 0x0000000800000000)
[2020-06-03T19:45:59.417+0600][gc,heap,exit  ]   region size 1024K, 29 young (29696K), 2 survivors (2048K)
[2020-06-03T19:45:59.417+0600][gc,heap,exit  ]  Metaspace       used 43398K, capacity 44937K, committed 45008K, reserved 1089536K
[2020-06-03T19:45:59.417+0600][gc,heap,exit  ]   class space    used 5251K, capacity 5980K, committed 6016K, reserved 1048576K
